../Core/Src/NRF24L01.c:14:6:CS_Select	8	static
../Core/Src/NRF24L01.c:19:6:CS_UnSelect	8	static
../Core/Src/NRF24L01.c:25:6:CE_Enable	8	static
../Core/Src/NRF24L01.c:30:6:CE_Disable	8	static
../Core/Src/NRF24L01.c:38:6:nrf24_WriteReg	24	static
../Core/Src/NRF24L01.c:54:6:nrf24_WriteRegMulti	32	static
../Core/Src/NRF24L01.c:71:9:nrf24_ReadReg	24	static
../Core/Src/NRF24L01.c:89:6:nrf24_ReadReg_Multi	24	static
../Core/Src/NRF24L01.c:103:6:nrfsendCmd	16	static
../Core/Src/NRF24L01.c:114:6:nrf24_reset	40	static
../Core/Src/NRF24L01.c:162:6:NRF24_Init	8	static
../Core/Src/NRF24L01.c:193:6:NRF24_TxMode	24	static
../Core/Src/NRF24L01.c:216:9:NRF24_Transmit	24	static
../Core/Src/NRF24L01.c:253:6:NRF24_RxMode	24	static
../Core/Src/NRF24L01.c:293:9:isDataAvailable	24	static
../Core/Src/NRF24L01.c:309:6:NRF24_Receive	24	static
../Core/Src/NRF24L01.c:335:6:NRF24_ReadAll	32	static
