Archive member included to satisfy reference by file (symbol)

C:/ST/STM32CubeIDE_1.17.0/STM32CubeIDE/plugins/com.st.stm32cube.ide.mcu.externaltools.gnu-tools-for-stm32.12.3.rel1.win32_1.1.0.202410251130/tools/bin/../lib/gcc/arm-none-eabi/12.3.1/../../../../arm-none-eabi/lib/thumb/v7e-m+fp/hard\libc_nano.a(libc_a-exit.o)
                              C:/ST/STM32CubeIDE_1.17.0/STM32CubeIDE/plugins/com.st.stm32cube.ide.mcu.externaltools.gnu-tools-for-stm32.12.3.rel1.win32_1.1.0.202410251130/tools/bin/../lib/gcc/arm-none-eabi/12.3.1/../../../../arm-none-eabi/lib/thumb/v7e-m+fp/hard/crt0.o (exit)
C:/ST/STM32CubeIDE_1.17.0/STM32CubeIDE/plugins/com.st.stm32cube.ide.mcu.externaltools.gnu-tools-for-stm32.12.3.rel1.win32_1.1.0.202410251130/tools/bin/../lib/gcc/arm-none-eabi/12.3.1/../../../../arm-none-eabi/lib/thumb/v7e-m+fp/hard\libc_nano.a(libc_a-findfp.o)
                              C:/ST/STM32CubeIDE_1.17.0/STM32CubeIDE/plugins/com.st.stm32cube.ide.mcu.externaltools.gnu-tools-for-stm32.12.3.rel1.win32_1.1.0.202410251130/tools/bin/../lib/gcc/arm-none-eabi/12.3.1/../../../../arm-none-eabi/lib/thumb/v7e-m+fp/hard\libc_nano.a(libc_a-exit.o) (__stdio_exit_handler)
C:/ST/STM32CubeIDE_1.17.0/STM32CubeIDE/plugins/com.st.stm32cube.ide.mcu.externaltools.gnu-tools-for-stm32.12.3.rel1.win32_1.1.0.202410251130/tools/bin/../lib/gcc/arm-none-eabi/12.3.1/../../../../arm-none-eabi/lib/thumb/v7e-m+fp/hard\libc_nano.a(libc_a-fwalk.o)
                              C:/ST/STM32CubeIDE_1.17.0/STM32CubeIDE/plugins/com.st.stm32cube.ide.mcu.externaltools.gnu-tools-for-stm32.12.3.rel1.win32_1.1.0.202410251130/tools/bin/../lib/gcc/arm-none-eabi/12.3.1/../../../../arm-none-eabi/lib/thumb/v7e-m+fp/hard\libc_nano.a(libc_a-findfp.o) (_fwalk_sglue)
C:/ST/STM32CubeIDE_1.17.0/STM32CubeIDE/plugins/com.st.stm32cube.ide.mcu.externaltools.gnu-tools-for-stm32.12.3.rel1.win32_1.1.0.202410251130/tools/bin/../lib/gcc/arm-none-eabi/12.3.1/../../../../arm-none-eabi/lib/thumb/v7e-m+fp/hard\libc_nano.a(libc_a-sprintf.o)
                              ./Core/Src/main.o (sprintf)
C:/ST/STM32CubeIDE_1.17.0/STM32CubeIDE/plugins/com.st.stm32cube.ide.mcu.externaltools.gnu-tools-for-stm32.12.3.rel1.win32_1.1.0.202410251130/tools/bin/../lib/gcc/arm-none-eabi/12.3.1/../../../../arm-none-eabi/lib/thumb/v7e-m+fp/hard\libc_nano.a(libc_a-stdio.o)
                              C:/ST/STM32CubeIDE_1.17.0/STM32CubeIDE/plugins/com.st.stm32cube.ide.mcu.externaltools.gnu-tools-for-stm32.12.3.rel1.win32_1.1.0.202410251130/tools/bin/../lib/gcc/arm-none-eabi/12.3.1/../../../../arm-none-eabi/lib/thumb/v7e-m+fp/hard\libc_nano.a(libc_a-findfp.o) (__sread)
C:/ST/STM32CubeIDE_1.17.0/STM32CubeIDE/plugins/com.st.stm32cube.ide.mcu.externaltools.gnu-tools-for-stm32.12.3.rel1.win32_1.1.0.202410251130/tools/bin/../lib/gcc/arm-none-eabi/12.3.1/../../../../arm-none-eabi/lib/thumb/v7e-m+fp/hard\libc_nano.a(libc_a-memset.o)
                              C:/ST/STM32CubeIDE_1.17.0/STM32CubeIDE/plugins/com.st.stm32cube.ide.mcu.externaltools.gnu-tools-for-stm32.12.3.rel1.win32_1.1.0.202410251130/tools/bin/../lib/gcc/arm-none-eabi/12.3.1/../../../../arm-none-eabi/lib/thumb/v7e-m+fp/hard/crt0.o (memset)
C:/ST/STM32CubeIDE_1.17.0/STM32CubeIDE/plugins/com.st.stm32cube.ide.mcu.externaltools.gnu-tools-for-stm32.12.3.rel1.win32_1.1.0.202410251130/tools/bin/../lib/gcc/arm-none-eabi/12.3.1/../../../../arm-none-eabi/lib/thumb/v7e-m+fp/hard\libc_nano.a(libc_a-closer.o)
                              C:/ST/STM32CubeIDE_1.17.0/STM32CubeIDE/plugins/com.st.stm32cube.ide.mcu.externaltools.gnu-tools-for-stm32.12.3.rel1.win32_1.1.0.202410251130/tools/bin/../lib/gcc/arm-none-eabi/12.3.1/../../../../arm-none-eabi/lib/thumb/v7e-m+fp/hard\libc_nano.a(libc_a-stdio.o) (_close_r)
C:/ST/STM32CubeIDE_1.17.0/STM32CubeIDE/plugins/com.st.stm32cube.ide.mcu.externaltools.gnu-tools-for-stm32.12.3.rel1.win32_1.1.0.202410251130/tools/bin/../lib/gcc/arm-none-eabi/12.3.1/../../../../arm-none-eabi/lib/thumb/v7e-m+fp/hard\libc_nano.a(libc_a-reent.o)
                              C:/ST/STM32CubeIDE_1.17.0/STM32CubeIDE/plugins/com.st.stm32cube.ide.mcu.externaltools.gnu-tools-for-stm32.12.3.rel1.win32_1.1.0.202410251130/tools/bin/../lib/gcc/arm-none-eabi/12.3.1/../../../../arm-none-eabi/lib/thumb/v7e-m+fp/hard\libc_nano.a(libc_a-closer.o) (errno)
C:/ST/STM32CubeIDE_1.17.0/STM32CubeIDE/plugins/com.st.stm32cube.ide.mcu.externaltools.gnu-tools-for-stm32.12.3.rel1.win32_1.1.0.202410251130/tools/bin/../lib/gcc/arm-none-eabi/12.3.1/../../../../arm-none-eabi/lib/thumb/v7e-m+fp/hard\libc_nano.a(libc_a-impure.o)
                              C:/ST/STM32CubeIDE_1.17.0/STM32CubeIDE/plugins/com.st.stm32cube.ide.mcu.externaltools.gnu-tools-for-stm32.12.3.rel1.win32_1.1.0.202410251130/tools/bin/../lib/gcc/arm-none-eabi/12.3.1/../../../../arm-none-eabi/lib/thumb/v7e-m+fp/hard\libc_nano.a(libc_a-sprintf.o) (_impure_ptr)
[...]
Memory Configuration

Name             Origin             Length             Attributes
RAM              0x20000000         0x0000c000         xrw
RAM2             0x10000000         0x00004000         xrw
FLASH            0x08000000         0x00040000         xr
*default*        0x00000000         0xffffffff

Linker script and memory map

LOAD C:/ST/STM32CubeIDE_1.17.0/STM32CubeIDE/plugins/com.st.stm32cube.ide.mcu.externaltools.gnu-tools-for-stm32.12.3.rel1.win32_1.1.0.202410251130/tools/bin/../lib/gcc/arm-none-eabi/12.3.1/thumb/v7e-m+fp/hard/crti.o
LOAD C:/ST/STM32CubeIDE_1.17.0/STM32CubeIDE/plugins/com.st.stm32cube.ide.mcu.externaltools.gnu-tools-for-stm32.12.3.rel1.win32_1.1.0.202410251130/tools/bin/../lib/gcc/arm-none-eabi/12.3.1/thumb/v7e-m+fp/hard/crtbegin.o
LOAD C:/ST/STM32CubeIDE_1.17.0/STM32CubeIDE/plugins/com.st.stm32cube.ide.mcu.externaltools.gnu-tools-for-stm32.12.3.rel1.win32_1.1.0.202410251130/tools/bin/../lib/gcc/arm-none-eabi/12.3.1/../../../../arm-none-eabi/lib/thumb/v7e-m+fp/hard/crt0.o
LOAD ./Core/Src/NRF24L01.o
LOAD ./Core/Src/fonts.o
LOAD ./Core/Src/main.o
LOAD ./Core/Src/ssd1306.o
LOAD ./Core/Src/stm32l4xx_hal_msp.o
LOAD ./Core/Src/stm32l4xx_it.o
LOAD ./Core/Src/syscalls.o
LOAD ./Core/Src/sysmem.o
LOAD ./Core/Src/system_stm32l4xx.o
LOAD ./Core/Src/test.o
LOAD ./Core/Startup/startup_stm32l432kbux.o
LOAD ./Drivers/STM32L4xx_HAL_Driver/Src/stm32l4xx_hal.o
LOAD ./Drivers/STM32L4xx_HAL_Driver/Src/stm32l4xx_hal_cortex.o
LOAD ./Drivers/STM32L4xx_HAL_Driver/Src/stm32l4xx_hal_dma.o
LOAD ./Drivers/STM32L4xx_HAL_Driver/Src/stm32l4xx_hal_dma_ex.o
LOAD ./Drivers/STM32L4xx_HAL_Driver/Src/stm32l4xx_hal_exti.o
LOAD ./Drivers/STM32L4xx_HAL_Driver/Src/stm32l4xx_hal_flash.o
LOAD ./Drivers/STM32L4xx_HAL_Driver/Src/stm32l4xx_hal_flash_ex.o
LOAD ./Drivers/STM32L4xx_HAL_Driver/Src/stm32l4xx_hal_flash_ramfunc.o
LOAD ./Drivers/STM32L4xx_HAL_Driver/Src/stm32l4xx_hal_gpio.o
LOAD ./Drivers/STM32L4xx_HAL_Driver/Src/stm32l4xx_hal_i2c.o
LOAD ./Drivers/STM32L4xx_HAL_Driver/Src/stm32l4xx_hal_i2c_ex.o
LOAD ./Drivers/STM32L4xx_HAL_Driver/Src/stm32l4xx_hal_pcd.o
LOAD ./Drivers/STM32L4xx_HAL_Driver/Src/stm32l4xx_hal_pcd_ex.o
LOAD ./Drivers/STM32L4xx_HAL_Driver/Src/stm32l4xx_hal_pwr.o
LOAD ./Drivers/STM32L4xx_HAL_Driver/Src/stm32l4xx_hal_pwr_ex.o
LOAD ./Drivers/STM32L4xx_HAL_Driver/Src/stm32l4xx_hal_rcc.o
LOAD ./Drivers/STM32L4xx_HAL_Driver/Src/stm32l4xx_hal_rcc_ex.o
LOAD ./Drivers/STM32L4xx_HAL_Driver/Src/stm32l4xx_hal_spi.o
LOAD ./Drivers/STM32L4xx_HAL_Driver/Src/stm32l4xx_hal_spi_ex.o
LOAD ./Drivers/STM32L4xx_HAL_Driver/Src/stm32l4xx_ll_usb.o
START GROUP
LOAD C:/ST/STM32CubeIDE_1.17.0/STM32CubeIDE/plugins/com.st.stm32cube.ide.mcu.externaltools.gnu-tools-for-stm32.12.3.rel1.win32_1.1.0.202410251130/tools/bin/../lib/gcc/arm-none-eabi/12.3.1/../../../../arm-none-eabi/lib/thumb/v7e-m+fp/hard\libc_nano.a
LOAD C:/ST/STM32CubeIDE_1.17.0/STM32CubeIDE/plugins/com.st.stm32cube.ide.mcu.externaltools.gnu-tools-for-stm32.12.3.rel1.win32_1.1.0.202410251130/tools/bin/../lib/gcc/arm-none-eabi/12.3.1/../../../../arm-none-eabi/lib/thumb/v7e-m+fp/hard\libm.a
END GROUP
START GROUP
LOAD C:/ST/STM32CubeIDE_1.17.0/STM32CubeIDE/plugins/com.st.stm32cube.ide.mcu.externaltools.gnu-tools-for-stm32.12.3.rel1.win32_1.1.0.202410251130/tools/bin/../lib/gcc/arm-none-eabi/12.3.1/thumb/v7e-m+fp/hard\libgcc.a
LOAD C:/ST/STM32CubeIDE_1.17.0/STM32CubeIDE/plugins/com.st.stm32cube.ide.mcu.externaltools.gnu-tools-for-stm32.12.3.rel1.win32_1.1.0.202410251130/tools/bin/../lib/gcc/arm-none-eabi/12.3.1/../../../../arm-none-eabi/lib/thumb/v7e-m+fp/hard\libc_nano.a
END GROUP
START GROUP
LOAD C:/ST/STM32CubeIDE_1.17.0/STM32CubeIDE/plugins/com.st.stm32cube.ide.mcu.externaltools.gnu-tools-for-stm32.12.3.rel1.win32_1.1.0.202410251130/tools/bin/../lib/gcc/arm-none-eabi/12.3.1/thumb/v7e-m+fp/hard\libgcc.a
LOAD C:/ST/STM32CubeIDE_1.17.0/STM32CubeIDE/plugins/com.st.stm32cube.ide.mcu.externaltools.gnu-tools-for-stm32.12.3.rel1.win32_1.1.0.202410251130/tools/bin/../lib/gcc/arm-none-eabi/12.3.1/../../../../arm-none-eabi/lib/thumb/v7e-m+fp/hard\libc_nano.a
LOAD C:/ST/STM32CubeIDE_1.17.0/STM32CubeIDE/plugins/com.st.stm32cube.ide.mcu.externaltools.gnu-tools-for-stm32.12.3.rel1.win32_1.1.0.202410251130/tools/bin/../lib/gcc/arm-none-eabi/12.3.1/../../../../arm-none-eabi/lib/thumb/v7e-m+fp/hard\libnosys.a
END GROUP
START GROUP
LOAD C:/ST/STM32CubeIDE_1.17.0/STM32CubeIDE/plugins/com.st.stm32cube.ide.mcu.externaltools.gnu-tools-for-stm32.12.3.rel1.win32_1.1.0.202410251130/tools/bin/../lib/gcc/arm-none-eabi/12.3.1/thumb/v7e-m+fp/hard\libgcc.a
LOAD C:/ST/STM32CubeIDE_1.17.0/STM32CubeIDE/plugins/com.st.stm32cube.ide.mcu.externaltools.gnu-tools-for-stm32.12.3.rel1.win32_1.1.0.202410251130/tools/bin/../lib/gcc/arm-none-eabi/12.3.1/../../../../arm-none-eabi/lib/thumb/v7e-m+fp/hard\libc_nano.a
LOAD C:/ST/STM32CubeIDE_1.17.0/STM32CubeIDE/plugins/com.st.stm32cube.ide.mcu.externaltools.gnu-tools-for-stm32.12.3.rel1.win32_1.1.0.202410251130/tools/bin/../lib/gcc/arm-none-eabi/12.3.1/../../../../arm-none-eabi/lib/thumb/v7e-m+fp/hard\libnosys.a
END GROUP
LOAD C:/ST/STM32CubeIDE_1.17.0/STM32CubeIDE/plugins/com.st.stm32cube.ide.mcu.externaltools.gnu-tools-for-stm32.12.3.rel1.win32_1.1.0.202410251130/tools/bin/../lib/gcc/arm-none-eabi/12.3.1/thumb/v7e-m+fp/hard/crtend.o
LOAD C:/ST/STM32CubeIDE_1.17.0/STM32CubeIDE/plugins/com.st.stm32cube.ide.mcu.externaltools.gnu-tools-for-stm32.12.3.rel1.win32_1.1.0.202410251130/tools/bin/../lib/gcc/arm-none-eabi/12.3.1/thumb/v7e-m+fp/hard/crtn.o
                0x2000c000                        _estack = (ORIGIN (RAM) + LENGTH (RAM))
                0x00000200                        _Min_Heap_Size = 0x200
                0x00000400                        _Min_Stack_Size = 0x400

.isr_vector     0x08000000      0x18c
                0x08000000                        . = ALIGN (0x4)
 *(.isr_vector)
 .isr_vector    0x08000000      0x18c ./Core/Startup/startup_stm32l432kbux.o
                0x08000000                g_pfnVectors
                0x0800018c                        . = ALIGN (0x4)

.text           0x0800018c     0x4aa8
                0x0800018c                        . = ALIGN (0x4)
 *(.text)
 .text          0x0800018c       0x40 C:/ST/STM32CubeIDE_1.17.0/STM32CubeIDE/plugins/com.st.stm32cube.ide.mcu.externaltools.gnu-tools-for-stm32.12.3.rel1.win32_1.1.0.202410251130/tools/bin/../lib/gcc/arm-none-eabi/12.3.1/thumb/v7e-m+fp/hard/crtbegin.o
 *(.text*)
 .text.CS_Select
                0x080001cc       0x18 ./Core/Src/NRF24L01.o
                0x080001cc                CS_Select
 .text.CS_UnSelect
                0x080001e4       0x18 ./Core/Src/NRF24L01.o
                0x080001e4                CS_UnSelect
 .text.CE_Enable
                0x080001fc       0x18 ./Core/Src/NRF24L01.o
                0x080001fc                CE_Enable
 .text.CE_Disable
                0x08000214       0x18 ./Core/Src/NRF24L01.o
                0x08000214                CE_Disable
 .text.nrf24_WriteReg
                0x0800022c       0x44 ./Core/Src/NRF24L01.o
                0x0800022c                nrf24_WriteReg
 .text.nrf24_WriteRegMulti
                0x08000270       0x4c ./Core/Src/NRF24L01.o
                0x08000270                nrf24_WriteRegMulti
 .text.nrf24_ReadReg
                0x080002bc       0x40 ./Core/Src/NRF24L01.o
                0x080002bc                nrf24_ReadReg
 .text.nrfsendCmd
                0x080002fc       0x2c ./Core/Src/NRF24L01.o
                0x080002fc                nrfsendCmd
 .text.nrf24_reset
                0x08000328      0x14c ./Core/Src/NRF24L01.o
                0x08000328                nrf24_reset
 .text.NRF24_Init
                0x08000474       0x4e ./Core/Src/NRF24L01.o
                0x08000474                NRF24_Init
 .text.NRF24_TxMode
                0x080004c2       0x4c ./Core/Src/NRF24L01.o
                0x080004c2                NRF24_TxMode
 *fill*         0x0800050e        0x2 
 .text.NRF24_Transmit
                0x08000510       0x7c ./Core/Src/NRF24L01.o
                0x08000510                NRF24_Transmit
 .text.main     0x0800058c       0x7c ./Core/Src/main.o
                0x0800058c                main
 .text.SystemClock_Config
                0x08000608       0xa4 ./Core/Src/main.o
                0x08000608                SystemClock_Config
 .text.MX_I2C1_Init
                0x080006ac       0x80 ./Core/Src/main.o
 .text.MX_SPI1_Init
                0x0800072c       0x7c ./Core/Src/main.o
 .text.MX_USB_PCD_Init
                0x080007a8       0x50 ./Core/Src/main.o
 .text.MX_GPIO_Init
                0x080007f8      0x148 ./Core/Src/main.o
 .text.EXTI2_IRQHandler
                0x08000940       0x50 ./Core/Src/main.o
                0x08000940                EXTI2_IRQHandler
 .text.EXTI3_IRQHandler
                0x08000990       0x50 ./Core/Src/main.o
                0x08000990                EXTI3_IRQHandler
 .text.EXTI4_IRQHandler
                0x080009e0       0x50 ./Core/Src/main.o
                0x080009e0                EXTI4_IRQHandler
 .text.EXTI9_5_IRQHandler
                0x08000a30       0xac ./Core/Src/main.o
                0x08000a30                EXTI9_5_IRQHandler
 .text.EXTI15_10_IRQHandler
                0x08000adc       0x50 ./Core/Src/main.o
                0x08000adc                EXTI15_10_IRQHandler
 .text.Error_Handler
                0x08000b2c        0xc ./Core/Src/main.o
                0x08000b2c                Error_Handler
 .text.SSD1306_Init
                0x08000b38      0x188 ./Core/Src/ssd1306.o
                0x08000b38                SSD1306_Init
 .text.SSD1306_UpdateScreen
                0x08000cc0       0x5c ./Core/Src/ssd1306.o
                0x08000cc0                SSD1306_UpdateScreen
 .text.SSD1306_Fill
                0x08000d1c       0x30 ./Core/Src/ssd1306.o
                0x08000d1c                SSD1306_Fill
 .text.SSD1306_DrawPixel
                0x08000d4c       0xc0 ./Core/Src/ssd1306.o
                0x08000d4c                SSD1306_DrawPixel
 .text.SSD1306_GotoXY
                0x08000e0c       0x2c ./Core/Src/ssd1306.o
                0x08000e0c                SSD1306_GotoXY
 .text.SSD1306_Putc
                0x08000e38       0xfc ./Core/Src/ssd1306.o
                0x08000e38                SSD1306_Putc
 .text.SSD1306_Puts
                0x08000f34       0x4a ./Core/Src/ssd1306.o
                0x08000f34                SSD1306_Puts
 *fill*         0x08000f7e        0x2 
 .text.ssd1306_I2C_Init
                0x08000f80       0x2c ./Core/Src/ssd1306.o
                0x08000f80                ssd1306_I2C_Init
 .text.ssd1306_I2C_WriteMulti
                0x08000fac       0xcc ./Core/Src/ssd1306.o
                0x08000fac                ssd1306_I2C_WriteMulti
 .text.ssd1306_I2C_Write
                0x08001078       0x3c ./Core/Src/ssd1306.o
                0x08001078                ssd1306_I2C_Write
 .text.HAL_MspInit
                0x080010b4       0x48 ./Core/Src/stm32l4xx_hal_msp.o
                0x080010b4                HAL_MspInit
 .text.HAL_I2C_MspInit
                0x080010fc       0xb0 ./Core/Src/stm32l4xx_hal_msp.o
                0x080010fc                HAL_I2C_MspInit
 .text.HAL_SPI_MspInit
                0x080011ac       0x98 ./Core/Src/stm32l4xx_hal_msp.o
                0x080011ac                HAL_SPI_MspInit
 .text.HAL_PCD_MspInit
                0x08001244       0xc0 ./Core/Src/stm32l4xx_hal_msp.o
                0x08001244                HAL_PCD_MspInit
 .text.NMI_Handler
                0x08001304        0x8 ./Core/Src/stm32l4xx_it.o
                0x08001304                NMI_Handler
 .text.HardFault_Handler
                0x0800130c        0x8 ./Core/Src/stm32l4xx_it.o
                0x0800130c                HardFault_Handler
 .text.MemManage_Handler
                0x08001314        0x8 ./Core/Src/stm32l4xx_it.o
                0x08001314                MemManage_Handler
 .text.BusFault_Handler
                0x0800131c        0x8 ./Core/Src/stm32l4xx_it.o
                0x0800131c                BusFault_Handler
 .text.UsageFault_Handler
                0x08001324        0x8 ./Core/Src/stm32l4xx_it.o
                0x08001324                UsageFault_Handler
 .text.SVC_Handler
                0x0800132c        0xe ./Core/Src/stm32l4xx_it.o
                0x0800132c                SVC_Handler
 .text.DebugMon_Handler
                0x0800133a        0xe ./Core/Src/stm32l4xx_it.o
                0x0800133a                DebugMon_Handler
 .text.PendSV_Handler
                0x08001348        0xe ./Core/Src/stm32l4xx_it.o
                0x08001348                PendSV_Handler
 .text.SysTick_Handler
                0x08001356        0xc ./Core/Src/stm32l4xx_it.o
                0x08001356                SysTick_Handler
 *fill*         0x08001362        0x2 
 .text.SPI1_IRQHandler
                0x08001364       0x14 ./Core/Src/stm32l4xx_it.o
                0x08001364                SPI1_IRQHandler
 .text.SystemInit
                0x08001378       0x24 ./Core/Src/system_stm32l4xx.o
                0x08001378                SystemInit
 .text.Reset_Handler
                0x0800139c       0x50 ./Core/Startup/startup_stm32l432kbux.o
                0x0800139c                Reset_Handler
 .text.Default_Handler
                0x080013ec        0x2 ./Core/Startup/startup_stm32l432kbux.o
                0x080013ec                RTC_Alarm_IRQHandler
                0x080013ec                TIM1_CC_IRQHandler
                0x080013ec                TSC_IRQHandler
                0x080013ec                TAMP_STAMP_IRQHandler
                0x080013ec                LPTIM2_IRQHandler
                0x080013ec                I2C3_ER_IRQHandler
                0x080013ec                EXTI0_IRQHandler
                0x080013ec                CAN1_RX0_IRQHandler
                0x080013ec                FPU_IRQHandler
                0x080013ec                TIM1_UP_TIM16_IRQHandler
                0x080013ec                TIM6_DAC_IRQHandler
                0x080013ec                DMA2_Channel2_IRQHandler
                0x080013ec                DMA1_Channel4_IRQHandler
                0x080013ec                ADC1_IRQHandler
                0x080013ec                DMA1_Channel7_IRQHandler
                0x080013ec                CAN1_RX1_IRQHandler
                0x080013ec                DMA2_Channel1_IRQHandler
                0x080013ec                QUADSPI_IRQHandler
                0x080013ec                I2C1_EV_IRQHandler
                0x080013ec                DMA1_Channel6_IRQHandler
                0x080013ec                DMA2_Channel4_IRQHandler
                0x080013ec                RCC_IRQHandler
                0x080013ec                TIM1_TRG_COM_IRQHandler
                0x080013ec                DMA1_Channel1_IRQHandler
                0x080013ec                Default_Handler
                0x080013ec                DMA2_Channel7_IRQHandler
                0x080013ec                TIM7_IRQHandler
                0x080013ec                I2C3_EV_IRQHandler
                0x080013ec                USB_IRQHandler
                0x080013ec                RTC_WKUP_IRQHandler
                0x080013ec                PVD_PVM_IRQHandler
                0x080013ec                CAN1_TX_IRQHandler
                0x080013ec                DMA2_Channel5_IRQHandler
                0x080013ec                CRS_IRQHandler
                0x080013ec                DMA1_Channel5_IRQHandler
                0x080013ec                RNG_IRQHandler
                0x080013ec                DMA1_Channel3_IRQHandler
                0x080013ec                COMP_IRQHandler
                0x080013ec                WWDG_IRQHandler
                0x080013ec                LPUART1_IRQHandler
                0x080013ec                DMA2_Channel6_IRQHandler
                0x080013ec                TIM2_IRQHandler
                0x080013ec                EXTI1_IRQHandler
                0x080013ec                USART2_IRQHandler
                0x080013ec                DMA1_Channel2_IRQHandler
                0x080013ec                CAN1_SCE_IRQHandler
                0x080013ec                FLASH_IRQHandler
                0x080013ec                USART1_IRQHandler
                0x080013ec                SPI3_IRQHandler
                0x080013ec                I2C1_ER_IRQHandler
                0x080013ec                SWPMI1_IRQHandler
                0x080013ec                LPTIM1_IRQHandler
                0x080013ec                SAI1_IRQHandler
                0x080013ec                DMA2_Channel3_IRQHandler
                0x080013ec                TIM1_BRK_TIM15_IRQHandler
 .text.HAL_Init
                0x080013ee       0x30 ./Drivers/STM32L4xx_HAL_Driver/Src/stm32l4xx_hal.o
                0x080013ee                HAL_Init
 *fill*         0x0800141e        0x2 
 .text.HAL_InitTick
                0x08001420       0x78 ./Drivers/STM32L4xx_HAL_Driver/Src/stm32l4xx_hal.o
                0x08001420                HAL_InitTick
 .text.HAL_IncTick
                0x08001498       0x28 ./Drivers/STM32L4xx_HAL_Driver/Src/stm32l4xx_hal.o
                0x08001498                HAL_IncTick
 .text.HAL_GetTick
                0x080014c0       0x18 ./Drivers/STM32L4xx_HAL_Driver/Src/stm32l4xx_hal.o
                0x080014c0                HAL_GetTick
 .text.HAL_Delay
                0x080014d8       0x48 ./Drivers/STM32L4xx_HAL_Driver/Src/stm32l4xx_hal.o
                0x080014d8                HAL_Delay
 .text.__NVIC_SetPriorityGrouping
                0x08001520       0x48 ./Drivers/STM32L4xx_HAL_Driver/Src/stm32l4xx_hal_cortex.o
 .text.__NVIC_GetPriorityGrouping
                0x08001568       0x1c ./Drivers/STM32L4xx_HAL_Driver/Src/stm32l4xx_hal_cortex.o
 .text.__NVIC_EnableIRQ
                0x08001584       0x3c ./Drivers/STM32L4xx_HAL_Driver/Src/stm32l4xx_hal_cortex.o
 .text.__NVIC_SetPriority
                0x080015c0       0x54 ./Drivers/STM32L4xx_HAL_Driver/Src/stm32l4xx_hal_cortex.o
 .text.NVIC_EncodePriority
                0x08001614       0x66 ./Drivers/STM32L4xx_HAL_Driver/Src/stm32l4xx_hal_cortex.o
 *fill*         0x0800167a        0x2 
 .text.SysTick_Config
                0x0800167c       0x44 ./Drivers/STM32L4xx_HAL_Driver/Src/stm32l4xx_hal_cortex.o
 .text.HAL_NVIC_SetPriorityGrouping
                0x080016c0       0x16 ./Drivers/STM32L4xx_HAL_Driver/Src/stm32l4xx_hal_cortex.o
                0x080016c0                HAL_NVIC_SetPriorityGrouping
 .text.HAL_NVIC_SetPriority
                0x080016d6       0x38 ./Drivers/STM32L4xx_HAL_Driver/Src/stm32l4xx_hal_cortex.o
                0x080016d6                HAL_NVIC_SetPriority
 .text.HAL_NVIC_EnableIRQ
                0x0800170e       0x1c ./Drivers/STM32L4xx_HAL_Driver/Src/stm32l4xx_hal_cortex.o
                0x0800170e                HAL_NVIC_EnableIRQ
 .text.HAL_SYSTICK_Config
                0x0800172a       0x18 ./Drivers/STM32L4xx_HAL_Driver/Src/stm32l4xx_hal_cortex.o
                0x0800172a                HAL_SYSTICK_Config
 .text.HAL_DMA_Abort_IT
                0x08001742       0x82 ./Drivers/STM32L4xx_HAL_Driver/Src/stm32l4xx_hal_dma.o
                0x08001742                HAL_DMA_Abort_IT
 .text.HAL_GPIO_Init
                0x080017c4      0x2d4 ./Drivers/STM32L4xx_HAL_Driver/Src/stm32l4xx_hal_gpio.o
                0x080017c4                HAL_GPIO_Init
 .text.HAL_GPIO_WritePin
                0x08001a98       0x30 ./Drivers/STM32L4xx_HAL_Driver/Src/stm32l4xx_hal_gpio.o
                0x08001a98                HAL_GPIO_WritePin
 .text.HAL_I2C_Init
                0x08001ac8      0x136 ./Drivers/STM32L4xx_HAL_Driver/Src/stm32l4xx_hal_i2c.o
                0x08001ac8                HAL_I2C_Init
 *fill*         0x08001bfe        0x2 
 .text.HAL_I2C_Master_Transmit
                0x08001c00      0x230 ./Drivers/STM32L4xx_HAL_Driver/Src/stm32l4xx_hal_i2c.o
                0x08001c00                HAL_I2C_Master_Transmit
 .text.HAL_I2C_IsDeviceReady
                0x08001e30      0x1d8 ./Drivers/STM32L4xx_HAL_Driver/Src/stm32l4xx_hal_i2c.o
                0x08001e30                HAL_I2C_IsDeviceReady
 .text.I2C_Flush_TXDR
                0x08002008       0x48 ./Drivers/STM32L4xx_HAL_Driver/Src/stm32l4xx_hal_i2c.o
 .text.I2C_WaitOnFlagUntilTimeout
                0x08002050       0xb2 ./Drivers/STM32L4xx_HAL_Driver/Src/stm32l4xx_hal_i2c.o
 .text.I2C_WaitOnTXISFlagUntilTimeout
                0x08002102       0x8e ./Drivers/STM32L4xx_HAL_Driver/Src/stm32l4xx_hal_i2c.o
 .text.I2C_WaitOnSTOPFlagUntilTimeout
                0x08002190       0x86 ./Drivers/STM32L4xx_HAL_Driver/Src/stm32l4xx_hal_i2c.o
 *fill*         0x08002216        0x2 
 .text.I2C_IsErrorOccurred
                0x08002218      0x1c0 ./Drivers/STM32L4xx_HAL_Driver/Src/stm32l4xx_hal_i2c.o
 .text.I2C_TransferConfig
                0x080023d8       0x64 ./Drivers/STM32L4xx_HAL_Driver/Src/stm32l4xx_hal_i2c.o
 .text.HAL_I2CEx_ConfigAnalogFilter
                0x0800243c       0x96 ./Drivers/STM32L4xx_HAL_Driver/Src/stm32l4xx_hal_i2c_ex.o
                0x0800243c                HAL_I2CEx_ConfigAnalogFilter
 .text.HAL_I2CEx_ConfigDigitalFilter
                0x080024d2       0x98 ./Drivers/STM32L4xx_HAL_Driver/Src/stm32l4xx_hal_i2c_ex.o
                0x080024d2                HAL_I2CEx_ConfigDigitalFilter
 .text.HAL_PCD_Init
                0x0800256a      0x1fa ./Drivers/STM32L4xx_HAL_Driver/Src/stm32l4xx_hal_pcd.o
                0x0800256a                HAL_PCD_Init
 .text.HAL_PCDEx_ActivateLPM
                0x08002764       0x54 ./Drivers/STM32L4xx_HAL_Driver/Src/stm32l4xx_hal_pcd_ex.o
                0x08002764                HAL_PCDEx_ActivateLPM
 .text.HAL_PWREx_GetVoltageRange
                0x080027b8       0x1c ./Drivers/STM32L4xx_HAL_Driver/Src/stm32l4xx_hal_pwr_ex.o
                0x080027b8                HAL_PWREx_GetVoltageRange
 .text.HAL_PWREx_ControlVoltageScaling
                0x080027d4       0xac ./Drivers/STM32L4xx_HAL_Driver/Src/stm32l4xx_hal_pwr_ex.o
                0x080027d4                HAL_PWREx_ControlVoltageScaling
 .text.HAL_PWREx_EnableVddUSB
                0x08002880       0x20 ./Drivers/STM32L4xx_HAL_Driver/Src/stm32l4xx_hal_pwr_ex.o
                0x08002880                HAL_PWREx_EnableVddUSB
 .text.HAL_RCC_OscConfig
                0x080028a0      0x828 ./Drivers/STM32L4xx_HAL_Driver/Src/stm32l4xx_hal_rcc.o
                0x080028a0                HAL_RCC_OscConfig
 .text.HAL_RCC_ClockConfig
                0x080030c8      0x200 ./Drivers/STM32L4xx_HAL_Driver/Src/stm32l4xx_hal_rcc.o
                0x080030c8                HAL_RCC_ClockConfig
 .text.HAL_RCC_GetSysClockFreq
                0x080032c8      0x118 ./Drivers/STM32L4xx_HAL_Driver/Src/stm32l4xx_hal_rcc.o
                0x080032c8                HAL_RCC_GetSysClockFreq
 .text.RCC_SetFlashLatencyFromMSIRange
                0x080033e0       0xc0 ./Drivers/STM32L4xx_HAL_Driver/Src/stm32l4xx_hal_rcc.o
 .text.HAL_RCCEx_PeriphCLKConfig
                0x080034a0      0x3ec ./Drivers/STM32L4xx_HAL_Driver/Src/stm32l4xx_hal_rcc_ex.o
                0x080034a0                HAL_RCCEx_PeriphCLKConfig
 .text.RCCEx_PLLSAI1_Config
                0x0800388c      0x1e4 ./Drivers/STM32L4xx_HAL_Driver/Src/stm32l4xx_hal_rcc_ex.o
 .text.HAL_SPI_Init
                0x08003a70      0x146 ./Drivers/STM32L4xx_HAL_Driver/Src/stm32l4xx_hal_spi.o
                0x08003a70                HAL_SPI_Init
 .text.HAL_SPI_Transmit
                0x08003bb6      0x2ec ./Drivers/STM32L4xx_HAL_Driver/Src/stm32l4xx_hal_spi.o
                0x08003bb6                HAL_SPI_Transmit
 .text.HAL_SPI_Receive
                0x08003ea2      0x270 ./Drivers/STM32L4xx_HAL_Driver/Src/stm32l4xx_hal_spi.o
                0x08003ea2                HAL_SPI_Receive
 .text.HAL_SPI_TransmitReceive
                0x08004112      0x43e ./Drivers/STM32L4xx_HAL_Driver/Src/stm32l4xx_hal_spi.o
                0x08004112                HAL_SPI_TransmitReceive
 .text.HAL_SPI_IRQHandler
                0x08004550      0x1e8 ./Drivers/STM32L4xx_HAL_Driver/Src/stm32l4xx_hal_spi.o
                0x08004550                HAL_SPI_IRQHandler
 .text.HAL_SPI_ErrorCallback
                0x08004738       0x14 ./Drivers/STM32L4xx_HAL_Driver/Src/stm32l4xx_hal_spi.o
                0x08004738                HAL_SPI_ErrorCallback
 .text.SPI_DMAAbortOnError
                0x0800474c       0x2a ./Drivers/STM32L4xx_HAL_Driver/Src/stm32l4xx_hal_spi.o
 *fill*         0x08004776        0x2 
 .text.SPI_WaitFlagStateUntilTimeout
                0x08004778      0x110 ./Drivers/STM32L4xx_HAL_Driver/Src/stm32l4xx_hal_spi.o
 .text.SPI_WaitFifoStateUntilTimeout
                0x08004888      0x12c ./Drivers/STM32L4xx_HAL_Driver/Src/stm32l4xx_hal_spi.o
 .text.SPI_EndRxTransaction
                0x080049b4       0xb0 ./Drivers/STM32L4xx_HAL_Driver/Src/stm32l4xx_hal_spi.o
 .text.SPI_EndRxTxTransaction
                0x08004a64       0x8c ./Drivers/STM32L4xx_HAL_Driver/Src/stm32l4xx_hal_spi.o
 .text.USB_CoreInit
                0x08004af0       0x1c ./Drivers/STM32L4xx_HAL_Driver/Src/stm32l4xx_ll_usb.o
                0x08004af0                USB_CoreInit
 .text.USB_DisableGlobalInt
                0x08004b0c       0x36 ./Drivers/STM32L4xx_HAL_Driver/Src/stm32l4xx_ll_usb.o
                0x08004b0c                USB_DisableGlobalInt
 .text.USB_SetCurrentMode
                0x08004b42       0x1a ./Drivers/STM32L4xx_HAL_Driver/Src/stm32l4xx_ll_usb.o
                0x08004b42                USB_SetCurrentMode
 .text.USB_DevInit
                0x08004b5c       0x3c ./Drivers/STM32L4xx_HAL_Driver/Src/stm32l4xx_ll_usb.o
                0x08004b5c                USB_DevInit
 .text.USB_DevDisconnect
                0x08004b98       0x2a ./Drivers/STM32L4xx_HAL_Driver/Src/stm32l4xx_ll_usb.o
                0x08004b98                USB_DevDisconnect
 .text.memset   0x08004bc2       0x10 C:/ST/STM32CubeIDE_1.17.0/STM32CubeIDE/plugins/com.st.stm32cube.ide.mcu.externaltools.gnu-tools-for-stm32.12.3.rel1.win32_1.1.0.202410251130/tools/bin/../lib/gcc/arm-none-eabi/12.3.1/../../../../arm-none-eabi/lib/thumb/v7e-m+fp/hard\libc_nano.a(libc_a-memset.o)
                0x08004bc2                memset
 *fill*         0x08004bd2        0x2 
 .text.__libc_init_array
                0x08004bd4       0x48 C:/ST/STM32CubeIDE_1.17.0/STM32CubeIDE/plugins/com.st.stm32cube.ide.mcu.externaltools.gnu-tools-for-stm32.12.3.rel1.win32_1.1.0.202410251130/tools/bin/../lib/gcc/arm-none-eabi/12.3.1/../../../../arm-none-eabi/lib/thumb/v7e-m+fp/hard\libc_nano.a(libc_a-init.o)
                0x08004bd4                __libc_init_array
 *(.glue_7)
 .glue_7        0x08004c1c        0x0 linker stubs
 *(.glue_7t)
 .glue_7t       0x08004c1c        0x0 linker stubs
 *(.eh_frame)
 .eh_frame      0x08004c1c        0x0 C:/ST/STM32CubeIDE_1.17.0/STM32CubeIDE/plugins/com.st.stm32cube.ide.mcu.externaltools.gnu-tools-for-stm32.12.3.rel1.win32_1.1.0.202410251130/tools/bin/../lib/gcc/arm-none-eabi/12.3.1/thumb/v7e-m+fp/hard/crtbegin.o
 *(.init)
 .init          0x08004c1c        0x4 C:/ST/STM32CubeIDE_1.17.0/STM32CubeIDE/plugins/com.st.stm32cube.ide.mcu.externaltools.gnu-tools-for-stm32.12.3.rel1.win32_1.1.0.202410251130/tools/bin/../lib/gcc/arm-none-eabi/12.3.1/thumb/v7e-m+fp/hard/crti.o
                0x08004c1c                _init
 .init          0x08004c20        0x8 C:/ST/STM32CubeIDE_1.17.0/STM32CubeIDE/plugins/com.st.stm32cube.ide.mcu.externaltools.gnu-tools-for-stm32.12.3.rel1.win32_1.1.0.202410251130/tools/bin/../lib/gcc/arm-none-eabi/12.3.1/thumb/v7e-m+fp/hard/crtn.o
 *(.fini)
 .fini          0x08004c28        0x4 C:/ST/STM32CubeIDE_1.17.0/STM32CubeIDE/plugins/com.st.stm32cube.ide.mcu.externaltools.gnu-tools-for-stm32.12.3.rel1.win32_1.1.0.202410251130/tools/bin/../lib/gcc/arm-none-eabi/12.3.1/thumb/v7e-m+fp/hard/crti.o
                0x08004c28                _fini
 .fini          0x08004c2c        0x8 C:/ST/STM32CubeIDE_1.17.0/STM32CubeIDE/plugins/com.st.stm32cube.ide.mcu.externaltools.gnu-tools-for-stm32.12.3.rel1.win32_1.1.0.202410251130/tools/bin/../lib/gcc/arm-none-eabi/12.3.1/thumb/v7e-m+fp/hard/crtn.o
                0x08004c34                        . = ALIGN (0x4)
                0x08004c34                        _etext = .

.vfp11_veneer   0x08004c34        0x0
 .vfp11_veneer  0x08004c34        0x0 linker stubs

.v4_bx          0x08004c34        0x0
 .v4_bx         0x08004c34        0x0 linker stubs

.iplt           0x08004c34        0x0
 .iplt          0x08004c34        0x0 C:/ST/STM32CubeIDE_1.17.0/STM32CubeIDE/plugins/com.st.stm32cube.ide.mcu.externaltools.gnu-tools-for-stm32.12.3.rel1.win32_1.1.0.202410251130/tools/bin/../lib/gcc/arm-none-eabi/12.3.1/thumb/v7e-m+fp/hard/crtbegin.o

.rodata         0x08004c34      0xdd0
                0x08004c34                        . = ALIGN (0x4)
 *(.rodata)
 .rodata        0x08004c34        0xd ./Core/Src/NRF24L01.o
 *fill*         0x08004c41        0x3 
 .rodata        0x08004c44       0x21 ./Core/Src/main.o
 *(.rodata*)
 *fill*         0x08004c65        0x3 
 .rodata.Font11x18
                0x08004c68      0xd5c ./Core/Src/fonts.o
                0x08004c68                Font11x18
 .rodata.AHBPrescTable
                0x080059c4       0x10 ./Core/Src/system_stm32l4xx.o
                0x080059c4                AHBPrescTable
 .rodata.MSIRangeTable
                0x080059d4       0x30 ./Core/Src/system_stm32l4xx.o
                0x080059d4                MSIRangeTable
                0x08005a04                        . = ALIGN (0x4)

.ARM.extab      0x08005a04        0x0
                0x08005a04                        . = ALIGN (0x4)
 *(.ARM.extab* .gnu.linkonce.armextab.*)
                0x08005a04                        . = ALIGN (0x4)

.ARM            0x08005a04        0x0
                0x08005a04                        . = ALIGN (0x4)
                0x08005a04                        __exidx_start = .
 *(.ARM.exidx*)
                0x08005a04                        __exidx_end = .
                0x08005a04                        . = ALIGN (0x4)

.preinit_array  0x08005a04        0x0
                0x08005a04                        . = ALIGN (0x4)
                0x08005a04                        PROVIDE (__preinit_array_start = .)
 *(.preinit_array*)
                0x08005a04                        PROVIDE (__preinit_array_end = .)
                0x08005a04                        . = ALIGN (0x4)

.init_array     0x08005a04        0x4
                0x08005a04                        . = ALIGN (0x4)
                0x08005a04                        PROVIDE (__init_array_start = .)
 *(SORT_BY_NAME(.init_array.*))
 *(.init_array*)
 .init_array    0x08005a04        0x4 C:/ST/STM32CubeIDE_1.17.0/STM32CubeIDE/plugins/com.st.stm32cube.ide.mcu.externaltools.gnu-tools-for-stm32.12.3.rel1.win32_1.1.0.202410251130/tools/bin/../lib/gcc/arm-none-eabi/12.3.1/thumb/v7e-m+fp/hard/crtbegin.o
                0x08005a08                        PROVIDE (__init_array_end = .)
                0x08005a08                        . = ALIGN (0x4)

.fini_array     0x08005a08        0x4
                0x08005a08                        . = ALIGN (0x4)
                [!provide]                        PROVIDE (__fini_array_start = .)
 *(SORT_BY_NAME(.fini_array.*))
 *(.fini_array*)
 .fini_array    0x08005a08        0x4 C:/ST/STM32CubeIDE_1.17.0/STM32CubeIDE/plugins/com.st.stm32cube.ide.mcu.externaltools.gnu-tools-for-stm32.12.3.rel1.win32_1.1.0.202410251130/tools/bin/../lib/gcc/arm-none-eabi/12.3.1/thumb/v7e-m+fp/hard/crtbegin.o
                [!provide]                        PROVIDE (__fini_array_end = .)
                0x08005a0c                        . = ALIGN (0x4)
                0x08005a0c                        _sidata = LOADADDR (.data)

.rel.dyn        0x08005a0c        0x0
 .rel.iplt      0x08005a0c        0x0 C:/ST/STM32CubeIDE_1.17.0/STM32CubeIDE/plugins/com.st.stm32cube.ide.mcu.externaltools.gnu-tools-for-stm32.12.3.rel1.win32_1.1.0.202410251130/tools/bin/../lib/gcc/arm-none-eabi/12.3.1/thumb/v7e-m+fp/hard/crtbegin.o

.data           0x20000000       0x1c load address 0x08005a0c
                0x20000000                        . = ALIGN (0x4)
                0x20000000                        _sdata = .
 *(.data)
 *(.data*)
 .data.Font_11x18
                0x20000000        0x8 ./Core/Src/fonts.o
                0x20000000                Font_11x18
 .data.TxAddress
                0x20000008        0x5 ./Core/Src/main.o
                0x20000008                TxAddress
 *fill*         0x2000000d        0x3 
 .data.SystemCoreClock
                0x20000010        0x4 ./Core/Src/system_stm32l4xx.o
                0x20000010                SystemCoreClock
 .data.uwTickPrio
                0x20000014        0x4 ./Drivers/STM32L4xx_HAL_Driver/Src/stm32l4xx_hal.o
                0x20000014                uwTickPrio
 .data.uwTickFreq
                0x20000018        0x1 ./Drivers/STM32L4xx_HAL_Driver/Src/stm32l4xx_hal.o
                0x20000018                uwTickFreq
 *(.RamFunc)
 *(.RamFunc*)
                0x2000001c                        . = ALIGN (0x4)
 *fill*         0x20000019        0x3 
                0x2000001c                        _edata = .

.igot.plt       0x2000001c        0x0 load address 0x08005a28
 .igot.plt      0x2000001c        0x0 C:/ST/STM32CubeIDE_1.17.0/STM32CubeIDE/plugins/com.st.stm32cube.ide.mcu.externaltools.gnu-tools-for-stm32.12.3.rel1.win32_1.1.0.202410251130/tools/bin/../lib/gcc/arm-none-eabi/12.3.1/thumb/v7e-m+fp/hard/crtbegin.o
                0x2000001c                        . = ALIGN (0x4)

.bss            0x2000001c      0x7c4 load address 0x08005a28
                0x2000001c                        _sbss = .
                0x2000001c                        __bss_start__ = _sbss
 *(.bss)
 .bss           0x2000001c       0x1c C:/ST/STM32CubeIDE_1.17.0/STM32CubeIDE/plugins/com.st.stm32cube.ide.mcu.externaltools.gnu-tools-for-stm32.12.3.rel1.win32_1.1.0.202410251130/tools/bin/../lib/gcc/arm-none-eabi/12.3.1/thumb/v7e-m+fp/hard/crtbegin.o
 *(.bss*)
 .bss.hi2c1     0x20000038       0x54 ./Core/Src/main.o
                0x20000038                hi2c1
 .bss.hspi1     0x2000008c       0x64 ./Core/Src/main.o
                0x2000008c                hspi1
 .bss.hpcd_USB_FS
                0x200000f0      0x2e0 ./Core/Src/main.o
                0x200000f0                hpcd_USB_FS
 .bss.data      0x200003d0        0x1 ./Core/Src/main.o
                0x200003d0                data
 *fill*         0x200003d1        0x3 
 .bss.SSD1306_Buffer
                0x200003d4      0x400 ./Core/Src/ssd1306.o
 .bss.SSD1306   0x200007d4        0x6 ./Core/Src/ssd1306.o
 *fill*         0x200007da        0x2 
 .bss.uwTick    0x200007dc        0x4 ./Drivers/STM32L4xx_HAL_Driver/Src/stm32l4xx_hal.o
                0x200007dc                uwTick
 *(COMMON)
                0x200007e0                        . = ALIGN (0x4)
                0x200007e0                        _ebss = .
                0x200007e0                        __bss_end__ = _ebss

._user_heap_stack
                0x200007e0      0x600 load address 0x08005a28
                0x200007e0                        . = ALIGN (0x8)
                [!provide]                        PROVIDE (end = .)
                0x200007e0                        PROVIDE (_end = .)
                0x200009e0                        . = (. + _Min_Heap_Size)
 *fill*         0x200007e0      0x200 
                0x20000de0                        . = (. + _Min_Stack_Size)
 *fill*         0x200009e0      0x400 
                0x20000de0                        . = ALIGN (0x8)

/DISCARD/
 libc.a(*)
 libm.a(*)
 libgcc.a(*)

.ARM.attributes
                0x00000000       0x30
 *(.ARM.attributes)
 .ARM.attributes
                0x00000000       0x22 C:/ST/STM32CubeIDE_1.17.0/STM32CubeIDE/plugins/com.st.stm32cube.ide.mcu.externaltools.gnu-tools-for-stm32.12.3.rel1.win32_1.1.0.202410251130/tools/bin/../lib/gcc/arm-none-eabi/12.3.1/thumb/v7e-m+fp/hard/crti.o
 .ARM.attributes
                0x00000022       0x34 C:/ST/STM32CubeIDE_1.17.0/STM32CubeIDE/plugins/com.st.stm32cube.ide.mcu.externaltools.gnu-tools-for-stm32.12.3.rel1.win32_1.1.0.202410251130/tools/bin/../lib/gcc/arm-none-eabi/12.3.1/thumb/v7e-m+fp/hard/crtbegin.o
 .ARM.attributes
                0x00000056       0x34 ./Core/Src/NRF24L01.o
 .ARM.attributes
                0x0000008a       0x34 ./Core/Src/fonts.o
 .ARM.attributes
                0x000000be       0x34 ./Core/Src/main.o
 .ARM.attributes
                0x000000f2       0x34 ./Core/Src/ssd1306.o
 .ARM.attributes
                0x00000126       0x34 ./Core/Src/stm32l4xx_hal_msp.o
 .ARM.attributes
                0x0000015a       0x34 ./Core/Src/stm32l4xx_it.o
 .ARM.attributes
                0x0000018e       0x34 ./Core/Src/system_stm32l4xx.o
 .ARM.attributes
                0x000001c2       0x21 ./Core/Startup/startup_stm32l432kbux.o
 .ARM.attributes
                0x000001e3       0x34 ./Drivers/STM32L4xx_HAL_Driver/Src/stm32l4xx_hal.o
 .ARM.attributes
                0x00000217       0x34 ./Drivers/STM32L4xx_HAL_Driver/Src/stm32l4xx_hal_cortex.o
 .ARM.attributes
                0x0000024b       0x34 ./Drivers/STM32L4xx_HAL_Driver/Src/stm32l4xx_hal_dma.o
 .ARM.attributes
                0x0000027f       0x34 ./Drivers/STM32L4xx_HAL_Driver/Src/stm32l4xx_hal_gpio.o
 .ARM.attributes
                0x000002b3       0x34 ./Drivers/STM32L4xx_HAL_Driver/Src/stm32l4xx_hal_i2c.o
 .ARM.attributes
                0x000002e7       0x34 ./Drivers/STM32L4xx_HAL_Driver/Src/stm32l4xx_hal_i2c_ex.o
 .ARM.attributes
                0x0000031b       0x34 ./Drivers/STM32L4xx_HAL_Driver/Src/stm32l4xx_hal_pcd.o
 .ARM.attributes
                0x0000034f       0x34 ./Drivers/STM32L4xx_HAL_Driver/Src/stm32l4xx_hal_pcd_ex.o
 .ARM.attributes
                0x00000383       0x34 ./Drivers/STM32L4xx_HAL_Driver/Src/stm32l4xx_hal_pwr_ex.o
 .ARM.attributes
                0x000003b7       0x34 ./Drivers/STM32L4xx_HAL_Driver/Src/stm32l4xx_hal_rcc.o
 .ARM.attributes
                0x000003eb       0x34 ./Drivers/STM32L4xx_HAL_Driver/Src/stm32l4xx_hal_rcc_ex.o
 .ARM.attributes
                0x0000041f       0x34 ./Drivers/STM32L4xx_HAL_Driver/Src/stm32l4xx_hal_spi.o
 .ARM.attributes
                0x00000453       0x34 ./Drivers/STM32L4xx_HAL_Driver/Src/stm32l4xx_ll_usb.o
 .ARM.attributes
                0x00000487       0x34 C:/ST/STM32CubeIDE_1.17.0/STM32CubeIDE/plugins/com.st.stm32cube.ide.mcu.externaltools.gnu-tools-for-stm32.12.3.rel1.win32_1.1.0.202410251130/tools/bin/../lib/gcc/arm-none-eabi/12.3.1/../../../../arm-none-eabi/lib/thumb/v7e-m+fp/hard\libc_nano.a(libc_a-memset.o)
 .ARM.attributes
                0x000004bb       0x34 C:/ST/STM32CubeIDE_1.17.0/STM32CubeIDE/plugins/com.st.stm32cube.ide.mcu.externaltools.gnu-tools-for-stm32.12.3.rel1.win32_1.1.0.202410251130/tools/bin/../lib/gcc/arm-none-eabi/12.3.1/../../../../arm-none-eabi/lib/thumb/v7e-m+fp/hard\libc_nano.a(libc_a-init.o)
 .ARM.attributes
                0x000004ef       0x22 C:/ST/STM32CubeIDE_1.17.0/STM32CubeIDE/plugins/com.st.stm32cube.ide.mcu.externaltools.gnu-tools-for-stm32.12.3.rel1.win32_1.1.0.202410251130/tools/bin/../lib/gcc/arm-none-eabi/12.3.1/thumb/v7e-m+fp/hard/crtn.o
OUTPUT(Controller_firmware.elf elf32-littlearm)
LOAD linker stubs
LOAD C:/ST/STM32CubeIDE_1.17.0/STM32CubeIDE/plugins/com.st.stm32cube.ide.mcu.externaltools.gnu-tools-for-stm32.12.3.rel1.win32_1.1.0.202410251130/tools/bin/../lib/gcc/arm-none-eabi/12.3.1/../../../../arm-none-eabi/lib/thumb/v7e-m+fp/hard\libc.a
LOAD C:/ST/STM32CubeIDE_1.17.0/STM32CubeIDE/plugins/com.st.stm32cube.ide.mcu.externaltools.gnu-tools-for-stm32.12.3.rel1.win32_1.1.0.202410251130/tools/bin/../lib/gcc/arm-none-eabi/12.3.1/../../../../arm-none-eabi/lib/thumb/v7e-m+fp/hard\libm.a
LOAD C:/ST/STM32CubeIDE_1.17.0/STM32CubeIDE/plugins/com.st.stm32cube.ide.mcu.externaltools.gnu-tools-for-stm32.12.3.rel1.win32_1.1.0.202410251130/tools/bin/../lib/gcc/arm-none-eabi/12.3.1/thumb/v7e-m+fp/hard\libgcc.a

.debug_info     0x00000000    0x1163f
 .debug_info    0x00000000      0xa5d ./Core/Src/NRF24L01.o
 .debug_info    0x00000a5d      0x255 ./Core/Src/fonts.o
 .debug_info    0x00000cb2     0x18bc ./Core/Src/main.o
 .debug_info    0x0000256e     0x1064 ./Core/Src/ssd1306.o
 .debug_info    0x000035d2     0x1635 ./Core/Src/stm32l4xx_hal_msp.o
 .debug_info    0x00004c07      0x639 ./Core/Src/stm32l4xx_it.o
 .debug_info    0x00005240      0x5bf ./Core/Src/system_stm32l4xx.o
 .debug_info    0x000057ff       0x30 ./Core/Startup/startup_stm32l432kbux.o
 .debug_info    0x0000582f      0x99e ./Drivers/STM32L4xx_HAL_Driver/Src/stm32l4xx_hal.o
 .debug_info    0x000061cd      0xd03 ./Drivers/STM32L4xx_HAL_Driver/Src/stm32l4xx_hal_cortex.o
 .debug_info    0x00006ed0      0x6f4 ./Drivers/STM32L4xx_HAL_Driver/Src/stm32l4xx_hal_dma.o
 .debug_info    0x000075c4      0x757 ./Drivers/STM32L4xx_HAL_Driver/Src/stm32l4xx_hal_gpio.o
 .debug_info    0x00007d1b     0x20d2 ./Drivers/STM32L4xx_HAL_Driver/Src/stm32l4xx_hal_i2c.o
 .debug_info    0x00009ded      0x981 ./Drivers/STM32L4xx_HAL_Driver/Src/stm32l4xx_hal_i2c_ex.o
 .debug_info    0x0000a76e     0x16a1 ./Drivers/STM32L4xx_HAL_Driver/Src/stm32l4xx_hal_pcd.o
 .debug_info    0x0000be0f      0x835 ./Drivers/STM32L4xx_HAL_Driver/Src/stm32l4xx_hal_pcd_ex.o
 .debug_info    0x0000c644      0x920 ./Drivers/STM32L4xx_HAL_Driver/Src/stm32l4xx_hal_pwr_ex.o
 .debug_info    0x0000cf64      0xbc3 ./Drivers/STM32L4xx_HAL_Driver/Src/stm32l4xx_hal_rcc.o
 .debug_info    0x0000db27      0xee5 ./Drivers/STM32L4xx_HAL_Driver/Src/stm32l4xx_hal_rcc_ex.o
 .debug_info    0x0000ea0c     0x1549 ./Drivers/STM32L4xx_HAL_Driver/Src/stm32l4xx_hal_spi.o
 .debug_info    0x0000ff55     0x16ea ./Drivers/STM32L4xx_HAL_Driver/Src/stm32l4xx_ll_usb.o

.debug_abbrev   0x00000000     0x2ceb
 .debug_abbrev  0x00000000      0x291 ./Core/Src/NRF24L01.o
 .debug_abbrev  0x00000291      0x11c ./Core/Src/fonts.o
 .debug_abbrev  0x000003ad      0x384 ./Core/Src/main.o
 .debug_abbrev  0x00000731      0x319 ./Core/Src/ssd1306.o
 .debug_abbrev  0x00000a4a      0x255 ./Core/Src/stm32l4xx_hal_msp.o
 .debug_abbrev  0x00000c9f      0x187 ./Core/Src/stm32l4xx_it.o
 .debug_abbrev  0x00000e26      0x11a ./Core/Src/system_stm32l4xx.o
 .debug_abbrev  0x00000f40       0x24 ./Core/Startup/startup_stm32l432kbux.o
 .debug_abbrev  0x00000f64      0x225 ./Drivers/STM32L4xx_HAL_Driver/Src/stm32l4xx_hal.o
 .debug_abbrev  0x00001189      0x31c ./Drivers/STM32L4xx_HAL_Driver/Src/stm32l4xx_hal_cortex.o
 .debug_abbrev  0x000014a5      0x1e4 ./Drivers/STM32L4xx_HAL_Driver/Src/stm32l4xx_hal_dma.o
 .debug_abbrev  0x00001689      0x1cb ./Drivers/STM32L4xx_HAL_Driver/Src/stm32l4xx_hal_gpio.o
 .debug_abbrev  0x00001854      0x261 ./Drivers/STM32L4xx_HAL_Driver/Src/stm32l4xx_hal_i2c.o
 .debug_abbrev  0x00001ab5      0x1c3 ./Drivers/STM32L4xx_HAL_Driver/Src/stm32l4xx_hal_i2c_ex.o
 .debug_abbrev  0x00001c78      0x2e8 ./Drivers/STM32L4xx_HAL_Driver/Src/stm32l4xx_hal_pcd.o
 .debug_abbrev  0x00001f60      0x1e8 ./Drivers/STM32L4xx_HAL_Driver/Src/stm32l4xx_hal_pcd_ex.o
 .debug_abbrev  0x00002148      0x1f9 ./Drivers/STM32L4xx_HAL_Driver/Src/stm32l4xx_hal_pwr_ex.o
 .debug_abbrev  0x00002341      0x2cb ./Drivers/STM32L4xx_HAL_Driver/Src/stm32l4xx_hal_rcc.o
 .debug_abbrev  0x0000260c      0x2a1 ./Drivers/STM32L4xx_HAL_Driver/Src/stm32l4xx_hal_rcc_ex.o
 .debug_abbrev  0x000028ad      0x260 ./Drivers/STM32L4xx_HAL_Driver/Src/stm32l4xx_hal_spi.o
 .debug_abbrev  0x00002b0d      0x1de ./Drivers/STM32L4xx_HAL_Driver/Src/stm32l4xx_ll_usb.o

.debug_aranges  0x00000000     0x1038
 .debug_aranges
                0x00000000       0xa0 ./Core/Src/NRF24L01.o
 .debug_aranges
                0x000000a0       0x20 ./Core/Src/fonts.o
 .debug_aranges
                0x000000c0       0x80 ./Core/Src/main.o
 .debug_aranges
                0x00000140       0xf8 ./Core/Src/ssd1306.o
 .debug_aranges
                0x00000238       0x50 ./Core/Src/stm32l4xx_hal_msp.o
 .debug_aranges
                0x00000288       0x68 ./Core/Src/stm32l4xx_it.o
 .debug_aranges
                0x000002f0       0x28 ./Core/Src/system_stm32l4xx.o
 .debug_aranges
                0x00000318       0x28 ./Core/Startup/startup_stm32l432kbux.o
 .debug_aranges
                0x00000340      0x108 ./Drivers/STM32L4xx_HAL_Driver/Src/stm32l4xx_hal.o
 .debug_aranges
                0x00000448      0x128 ./Drivers/STM32L4xx_HAL_Driver/Src/stm32l4xx_hal_cortex.o
 .debug_aranges
                0x00000570       0x80 ./Drivers/STM32L4xx_HAL_Driver/Src/stm32l4xx_hal_dma.o
 .debug_aranges
                0x000005f0       0x58 ./Drivers/STM32L4xx_HAL_Driver/Src/stm32l4xx_hal_gpio.o
 .debug_aranges
                0x00000648      0x2a0 ./Drivers/STM32L4xx_HAL_Driver/Src/stm32l4xx_hal_i2c.o
 .debug_aranges
                0x000008e8       0x48 ./Drivers/STM32L4xx_HAL_Driver/Src/stm32l4xx_hal_i2c_ex.o
 .debug_aranges
                0x00000930      0x138 ./Drivers/STM32L4xx_HAL_Driver/Src/stm32l4xx_hal_pcd.o
 .debug_aranges
                0x00000a68       0x58 ./Drivers/STM32L4xx_HAL_Driver/Src/stm32l4xx_hal_pcd_ex.o
 .debug_aranges
                0x00000ac0      0x128 ./Drivers/STM32L4xx_HAL_Driver/Src/stm32l4xx_hal_pwr_ex.o
 .debug_aranges
                0x00000be8       0x90 ./Drivers/STM32L4xx_HAL_Driver/Src/stm32l4xx_hal_rcc.o
 .debug_aranges
                0x00000c78       0xf0 ./Drivers/STM32L4xx_HAL_Driver/Src/stm32l4xx_hal_rcc_ex.o
 .debug_aranges
                0x00000d68      0x1d8 ./Drivers/STM32L4xx_HAL_Driver/Src/stm32l4xx_hal_spi.o
 .debug_aranges
                0x00000f40       0xf8 ./Drivers/STM32L4xx_HAL_Driver/Src/stm32l4xx_ll_usb.o

.debug_rnglists
                0x00000000      0xc62
 .debug_rnglists
                0x00000000       0x75 ./Core/Src/NRF24L01.o
 .debug_rnglists
                0x00000075       0x13 ./Core/Src/fonts.o
 .debug_rnglists
                0x00000088       0x5f ./Core/Src/main.o
 .debug_rnglists
                0x000000e7       0xc2 ./Core/Src/ssd1306.o
 .debug_rnglists
                0x000001a9       0x3a ./Core/Src/stm32l4xx_hal_msp.o
 .debug_rnglists
                0x000001e3       0x49 ./Core/Src/stm32l4xx_it.o
 .debug_rnglists
                0x0000022c       0x1a ./Core/Src/system_stm32l4xx.o
 .debug_rnglists
                0x00000246       0x19 ./Core/Startup/startup_stm32l432kbux.o
 .debug_rnglists
                0x0000025f       0xc1 ./Drivers/STM32L4xx_HAL_Driver/Src/stm32l4xx_hal.o
 .debug_rnglists
                0x00000320       0xda ./Drivers/STM32L4xx_HAL_Driver/Src/stm32l4xx_hal_cortex.o
 .debug_rnglists
                0x000003fa       0x64 ./Drivers/STM32L4xx_HAL_Driver/Src/stm32l4xx_hal_dma.o
 .debug_rnglists
                0x0000045e       0x3f ./Drivers/STM32L4xx_HAL_Driver/Src/stm32l4xx_hal_gpio.o
 .debug_rnglists
                0x0000049d      0x228 ./Drivers/STM32L4xx_HAL_Driver/Src/stm32l4xx_hal_i2c.o
 .debug_rnglists
                0x000006c5       0x35 ./Drivers/STM32L4xx_HAL_Driver/Src/stm32l4xx_hal_i2c_ex.o
 .debug_rnglists
                0x000006fa       0xee ./Drivers/STM32L4xx_HAL_Driver/Src/stm32l4xx_hal_pcd.o
 .debug_rnglists
                0x000007e8       0x3f ./Drivers/STM32L4xx_HAL_Driver/Src/stm32l4xx_hal_pcd_ex.o
 .debug_rnglists
                0x00000827       0xdf ./Drivers/STM32L4xx_HAL_Driver/Src/stm32l4xx_hal_pwr_ex.o
 .debug_rnglists
                0x00000906       0x6d ./Drivers/STM32L4xx_HAL_Driver/Src/stm32l4xx_hal_rcc.o
 .debug_rnglists
                0x00000973       0xba ./Drivers/STM32L4xx_HAL_Driver/Src/stm32l4xx_hal_rcc_ex.o
 .debug_rnglists
                0x00000a2d      0x178 ./Drivers/STM32L4xx_HAL_Driver/Src/stm32l4xx_hal_spi.o
 .debug_rnglists
                0x00000ba5       0xbd ./Drivers/STM32L4xx_HAL_Driver/Src/stm32l4xx_ll_usb.o

.debug_macro    0x00000000    0x21061
 .debug_macro   0x00000000      0x211 ./Core/Src/NRF24L01.o
 .debug_macro   0x00000211      0xab4 ./Core/Src/NRF24L01.o
 .debug_macro   0x00000cc5      0x1ad ./Core/Src/NRF24L01.o
 .debug_macro   0x00000e72       0x2e ./Core/Src/NRF24L01.o
 .debug_macro   0x00000ea0       0x28 ./Core/Src/NRF24L01.o
 .debug_macro   0x00000ec8       0x22 ./Core/Src/NRF24L01.o
 .debug_macro   0x00000eea       0x8e ./Core/Src/NRF24L01.o
 .debug_macro   0x00000f78       0x51 ./Core/Src/NRF24L01.o
 .debug_macro   0x00000fc9      0x103 ./Core/Src/NRF24L01.o
 .debug_macro   0x000010cc       0x6a ./Core/Src/NRF24L01.o
 .debug_macro   0x00001136      0x1df ./Core/Src/NRF24L01.o
 .debug_macro   0x00001315       0x1c ./Core/Src/NRF24L01.o
 .debug_macro   0x00001331       0x22 ./Core/Src/NRF24L01.o
 .debug_macro   0x00001353       0xfb ./Core/Src/NRF24L01.o
 .debug_macro   0x0000144e     0x1011 ./Core/Src/NRF24L01.o
 .debug_macro   0x0000245f      0x11f ./Core/Src/NRF24L01.o
 .debug_macro   0x0000257e    0x147a6 ./Core/Src/NRF24L01.o
 .debug_macro   0x00016d24       0x6d ./Core/Src/NRF24L01.o
 .debug_macro   0x00016d91     0x38fb ./Core/Src/NRF24L01.o
 .debug_macro   0x0001a68c      0x189 ./Core/Src/NRF24L01.o
 .debug_macro   0x0001a815       0x5c ./Core/Src/NRF24L01.o
 .debug_macro   0x0001a871     0x11ca ./Core/Src/NRF24L01.o
 .debug_macro   0x0001ba3b      0x53c ./Core/Src/NRF24L01.o
 .debug_macro   0x0001bf77      0x1b9 ./Core/Src/NRF24L01.o
 .debug_macro   0x0001c130      0x122 ./Core/Src/NRF24L01.o
 .debug_macro   0x0001c252      0x26b ./Core/Src/NRF24L01.o
 .debug_macro   0x0001c4bd      0x23d ./Core/Src/NRF24L01.o
 .debug_macro   0x0001c6fa      0x241 ./Core/Src/NRF24L01.o
 .debug_macro   0x0001c93b      0x375 ./Core/Src/NRF24L01.o
 .debug_macro   0x0001ccb0       0xd6 ./Core/Src/NRF24L01.o
 .debug_macro   0x0001cd86      0x22c ./Core/Src/NRF24L01.o
 .debug_macro   0x0001cfb2       0x61 ./Core/Src/NRF24L01.o
 .debug_macro   0x0001d013       0xa5 ./Core/Src/NRF24L01.o
 .debug_macro   0x0001d0b8       0xb7 ./Core/Src/NRF24L01.o
 .debug_macro   0x0001d16f      0x22d ./Core/Src/NRF24L01.o
 .debug_macro   0x0001d39c      0x122 ./Core/Src/NRF24L01.o
 .debug_macro   0x0001d4be      0x356 ./Core/Src/NRF24L01.o
 .debug_macro   0x0001d814      0x2fe ./Core/Src/NRF24L01.o
 .debug_macro   0x0001db12      0x220 ./Core/Src/NRF24L01.o
 .debug_macro   0x0001dd32       0xee ./Core/Src/NRF24L01.o
 .debug_macro   0x0001de20      0x2c2 ./Core/Src/fonts.o
 .debug_macro   0x0001e0e2       0x61 ./Core/Src/fonts.o
 .debug_macro   0x0001e143       0x2a ./Core/Src/fonts.o
 .debug_macro   0x0001e16d       0x43 ./Core/Src/fonts.o
 .debug_macro   0x0001e1b0       0x34 ./Core/Src/fonts.o
 .debug_macro   0x0001e1e4       0x16 ./Core/Src/fonts.o
 .debug_macro   0x0001e1fa       0x43 ./Core/Src/fonts.o
 .debug_macro   0x0001e23d       0x34 ./Core/Src/fonts.o
 .debug_macro   0x0001e271       0x10 ./Core/Src/fonts.o
 .debug_macro   0x0001e281       0x58 ./Core/Src/fonts.o
 .debug_macro   0x0001e2d9       0x8e ./Core/Src/fonts.o
 .debug_macro   0x0001e367       0x1c ./Core/Src/fonts.o
 .debug_macro   0x0001e383      0x177 ./Core/Src/fonts.o
 .debug_macro   0x0001e4fa      0x369 ./Core/Src/fonts.o
 .debug_macro   0x0001e863       0x10 ./Core/Src/fonts.o
 .debug_macro   0x0001e873       0x35 ./Core/Src/fonts.o
 .debug_macro   0x0001e8a8       0x20 ./Core/Src/fonts.o
 .debug_macro   0x0001e8c8      0x32b ./Core/Src/main.o
 .debug_macro   0x0001ebf3       0x1c ./Core/Src/main.o
 .debug_macro   0x0001ec0f       0x16 ./Core/Src/main.o
 .debug_macro   0x0001ec25       0x16 ./Core/Src/main.o
 .debug_macro   0x0001ec3b       0x29 ./Core/Src/main.o
 .debug_macro   0x0001ec64       0x1d ./Core/Src/main.o
 .debug_macro   0x0001ec81      0x34d ./Core/Src/ssd1306.o
 .debug_macro   0x0001efce      0x1f9 ./Core/Src/stm32l4xx_hal_msp.o
 .debug_macro   0x0001f1c7      0x203 ./Core/Src/stm32l4xx_it.o
 .debug_macro   0x0001f3ca      0x1ea ./Core/Src/system_stm32l4xx.o
 .debug_macro   0x0001f5b4      0x232 ./Drivers/STM32L4xx_HAL_Driver/Src/stm32l4xx_hal.o
 .debug_macro   0x0001f7e6      0x1ea ./Drivers/STM32L4xx_HAL_Driver/Src/stm32l4xx_hal_cortex.o
 .debug_macro   0x0001f9d0      0x1ea ./Drivers/STM32L4xx_HAL_Driver/Src/stm32l4xx_hal_dma.o
 .debug_macro   0x0001fbba      0x1f1 ./Drivers/STM32L4xx_HAL_Driver/Src/stm32l4xx_hal_gpio.o
 .debug_macro   0x0001fdab      0x2b6 ./Drivers/STM32L4xx_HAL_Driver/Src/stm32l4xx_hal_i2c.o
 .debug_macro   0x00020061      0x1ea ./Drivers/STM32L4xx_HAL_Driver/Src/stm32l4xx_hal_i2c_ex.o
 .debug_macro   0x0002024b      0x1f6 ./Drivers/STM32L4xx_HAL_Driver/Src/stm32l4xx_hal_pcd.o
 .debug_macro   0x00020441      0x1ea ./Drivers/STM32L4xx_HAL_Driver/Src/stm32l4xx_hal_pcd_ex.o
 .debug_macro   0x0002062b      0x20e ./Drivers/STM32L4xx_HAL_Driver/Src/stm32l4xx_hal_pwr_ex.o
 .debug_macro   0x00020839      0x22c ./Drivers/STM32L4xx_HAL_Driver/Src/stm32l4xx_hal_rcc.o
 .debug_macro   0x00020a65      0x220 ./Drivers/STM32L4xx_HAL_Driver/Src/stm32l4xx_hal_rcc_ex.o
 .debug_macro   0x00020c85      0x1f2 ./Drivers/STM32L4xx_HAL_Driver/Src/stm32l4xx_hal_spi.o
 .debug_macro   0x00020e77      0x1ea ./Drivers/STM32L4xx_HAL_Driver/Src/stm32l4xx_ll_usb.o

.debug_line     0x00000000    0x13dd7
 .debug_line    0x00000000      0xa85 ./Core/Src/NRF24L01.o
 .debug_line    0x00000a85      0x8f4 ./Core/Src/fonts.o
 .debug_line    0x00001379      0xc47 ./Core/Src/main.o
 .debug_line    0x00001fc0     0x10ba ./Core/Src/ssd1306.o
 .debug_line    0x0000307a      0x8aa ./Core/Src/stm32l4xx_hal_msp.o
 .debug_line    0x00003924      0x867 ./Core/Src/stm32l4xx_it.o
 .debug_line    0x0000418b      0x827 ./Core/Src/system_stm32l4xx.o
 .debug_line    0x000049b2       0x7a ./Core/Startup/startup_stm32l432kbux.o
 .debug_line    0x00004a2c      0xaef ./Drivers/STM32L4xx_HAL_Driver/Src/stm32l4xx_hal.o
 .debug_line    0x0000551b      0xd4b ./Drivers/STM32L4xx_HAL_Driver/Src/stm32l4xx_hal_cortex.o
 .debug_line    0x00006266      0xd87 ./Drivers/STM32L4xx_HAL_Driver/Src/stm32l4xx_hal_dma.o
 .debug_line    0x00006fed      0xb91 ./Drivers/STM32L4xx_HAL_Driver/Src/stm32l4xx_hal_gpio.o
 .debug_line    0x00007b7e     0x3ab5 ./Drivers/STM32L4xx_HAL_Driver/Src/stm32l4xx_hal_i2c.o
 .debug_line    0x0000b633      0x9aa ./Drivers/STM32L4xx_HAL_Driver/Src/stm32l4xx_hal_i2c_ex.o
 .debug_line    0x0000bfdd     0x1428 ./Drivers/STM32L4xx_HAL_Driver/Src/stm32l4xx_hal_pcd.o
 .debug_line    0x0000d405      0x926 ./Drivers/STM32L4xx_HAL_Driver/Src/stm32l4xx_hal_pcd_ex.o
 .debug_line    0x0000dd2b      0xc7b ./Drivers/STM32L4xx_HAL_Driver/Src/stm32l4xx_hal_pwr_ex.o
 .debug_line    0x0000e9a6     0x1039 ./Drivers/STM32L4xx_HAL_Driver/Src/stm32l4xx_hal_rcc.o
 .debug_line    0x0000f9df     0x1374 ./Drivers/STM32L4xx_HAL_Driver/Src/stm32l4xx_hal_rcc_ex.o
 .debug_line    0x00010d53     0x2058 ./Drivers/STM32L4xx_HAL_Driver/Src/stm32l4xx_hal_spi.o
 .debug_line    0x00012dab     0x102c ./Drivers/STM32L4xx_HAL_Driver/Src/stm32l4xx_ll_usb.o

.debug_str      0x00000000    0xc2acc
 .debug_str     0x00000000    0xbab19 ./Core/Src/NRF24L01.o
                              0xbae52 (size before relaxing)
 .debug_str     0x000bab19     0x31f8 ./Core/Src/fonts.o
                              0xbd7a1 (size before relaxing)
 .debug_str     0x000bdd11      0xf7b ./Core/Src/main.o
                              0xbee96 (size before relaxing)
 .debug_str     0x000bec8c      0x4e7 ./Core/Src/ssd1306.o
                              0xbe27e (size before relaxing)
 .debug_str     0x000bf173      0x27d ./Core/Src/stm32l4xx_hal_msp.o
                              0xbb7d6 (size before relaxing)
 .debug_str     0x000bf3f0       0xec ./Core/Src/stm32l4xx_it.o
                              0xbaaa9 (size before relaxing)
 .debug_str     0x000bf4dc       0xf2 ./Core/Src/system_stm32l4xx.o
                              0xba7bb (size before relaxing)
 .debug_str     0x000bf5ce       0x44 ./Core/Startup/startup_stm32l432kbux.o
                                 0x8b (size before relaxing)
 .debug_str     0x000bf612      0x55a ./Drivers/STM32L4xx_HAL_Driver/Src/stm32l4xx_hal.o
                              0xbb148 (size before relaxing)
 .debug_str     0x000bfb6c      0x355 ./Drivers/STM32L4xx_HAL_Driver/Src/stm32l4xx_hal_cortex.o
                              0xbaf1b (size before relaxing)
 .debug_str     0x000bfec1      0x25d ./Drivers/STM32L4xx_HAL_Driver/Src/stm32l4xx_hal_dma.o
                              0xbaa22 (size before relaxing)
 .debug_str     0x000c011e       0xdc ./Drivers/STM32L4xx_HAL_Driver/Src/stm32l4xx_hal_gpio.o
                              0xba92f (size before relaxing)
 .debug_str     0x000c01fa      0xd8e ./Drivers/STM32L4xx_HAL_Driver/Src/stm32l4xx_hal_i2c.o
                              0xbb9b9 (size before relaxing)
 .debug_str     0x000c0f88       0xb8 ./Drivers/STM32L4xx_HAL_Driver/Src/stm32l4xx_hal_i2c_ex.o
                              0xbacc8 (size before relaxing)
 .debug_str     0x000c1040      0x5c2 ./Drivers/STM32L4xx_HAL_Driver/Src/stm32l4xx_hal_pcd.o
                              0xbafa9 (size before relaxing)
 .debug_str     0x000c1602      0x186 ./Drivers/STM32L4xx_HAL_Driver/Src/stm32l4xx_hal_pcd_ex.o
                              0xbab79 (size before relaxing)
 .debug_str     0x000c1788      0x44e ./Drivers/STM32L4xx_HAL_Driver/Src/stm32l4xx_hal_pwr_ex.o
                              0xbac63 (size before relaxing)
 .debug_str     0x000c1bd6      0x37b ./Drivers/STM32L4xx_HAL_Driver/Src/stm32l4xx_hal_rcc.o
                              0xbadbb (size before relaxing)
 .debug_str     0x000c1f51      0x52e ./Drivers/STM32L4xx_HAL_Driver/Src/stm32l4xx_hal_rcc_ex.o
                              0xbb01b (size before relaxing)
 .debug_str     0x000c247f      0x529 ./Drivers/STM32L4xx_HAL_Driver/Src/stm32l4xx_hal_spi.o
                              0xbafd3 (size before relaxing)
 .debug_str     0x000c29a8      0x124 ./Drivers/STM32L4xx_HAL_Driver/Src/stm32l4xx_ll_usb.o
                              0xbab31 (size before relaxing)

.comment        0x00000000       0x43
 .comment       0x00000000       0x43 ./Core/Src/NRF24L01.o
                                 0x44 (size before relaxing)
 .comment       0x00000043       0x44 ./Core/Src/fonts.o
 .comment       0x00000043       0x44 ./Core/Src/main.o
 .comment       0x00000043       0x44 ./Core/Src/ssd1306.o
 .comment       0x00000043       0x44 ./Core/Src/stm32l4xx_hal_msp.o
 .comment       0x00000043       0x44 ./Core/Src/stm32l4xx_it.o
 .comment       0x00000043       0x44 ./Core/Src/system_stm32l4xx.o
 .comment       0x00000043       0x44 ./Drivers/STM32L4xx_HAL_Driver/Src/stm32l4xx_hal.o
 .comment       0x00000043       0x44 ./Drivers/STM32L4xx_HAL_Driver/Src/stm32l4xx_hal_cortex.o
 .comment       0x00000043       0x44 ./Drivers/STM32L4xx_HAL_Driver/Src/stm32l4xx_hal_dma.o
 .comment       0x00000043       0x44 ./Drivers/STM32L4xx_HAL_Driver/Src/stm32l4xx_hal_gpio.o
 .comment       0x00000043       0x44 ./Drivers/STM32L4xx_HAL_Driver/Src/stm32l4xx_hal_i2c.o
 .comment       0x00000043       0x44 ./Drivers/STM32L4xx_HAL_Driver/Src/stm32l4xx_hal_i2c_ex.o
 .comment       0x00000043       0x44 ./Drivers/STM32L4xx_HAL_Driver/Src/stm32l4xx_hal_pcd.o
 .comment       0x00000043       0x44 ./Drivers/STM32L4xx_HAL_Driver/Src/stm32l4xx_hal_pcd_ex.o
 .comment       0x00000043       0x44 ./Drivers/STM32L4xx_HAL_Driver/Src/stm32l4xx_hal_pwr_ex.o
 .comment       0x00000043       0x44 ./Drivers/STM32L4xx_HAL_Driver/Src/stm32l4xx_hal_rcc.o
 .comment       0x00000043       0x44 ./Drivers/STM32L4xx_HAL_Driver/Src/stm32l4xx_hal_rcc_ex.o
 .comment       0x00000043       0x44 ./Drivers/STM32L4xx_HAL_Driver/Src/stm32l4xx_hal_spi.o
 .comment       0x00000043       0x44 ./Drivers/STM32L4xx_HAL_Driver/Src/stm32l4xx_ll_usb.o

.debug_frame    0x00000000     0x4270
 .debug_frame   0x00000000      0x250 ./Core/Src/NRF24L01.o
 .debug_frame   0x00000250       0x38 ./Core/Src/fonts.o
 .debug_frame   0x00000288      0x194 ./Core/Src/main.o
 .debug_frame   0x0000041c      0x414 ./Core/Src/ssd1306.o
 .debug_frame   0x00000830      0x118 ./Core/Src/stm32l4xx_hal_msp.o
 .debug_frame   0x00000948      0x120 ./Core/Src/stm32l4xx_it.o
 .debug_frame   0x00000a68       0x58 ./Core/Src/system_stm32l4xx.o
 .debug_frame   0x00000ac0      0x3dc ./Drivers/STM32L4xx_HAL_Driver/Src/stm32l4xx_hal.o
 .debug_frame   0x00000e9c      0x4e8 ./Drivers/STM32L4xx_HAL_Driver/Src/stm32l4xx_hal_cortex.o
 .debug_frame   0x00001384      0x204 ./Drivers/STM32L4xx_HAL_Driver/Src/stm32l4xx_hal_dma.o
 .debug_frame   0x00001588      0x14c ./Drivers/STM32L4xx_HAL_Driver/Src/stm32l4xx_hal_gpio.o
 .debug_frame   0x000016d4      0xc38 ./Drivers/STM32L4xx_HAL_Driver/Src/stm32l4xx_hal_i2c.o
 .debug_frame   0x0000230c      0x100 ./Drivers/STM32L4xx_HAL_Driver/Src/stm32l4xx_hal_i2c_ex.o
 .debug_frame   0x0000240c      0x56c ./Drivers/STM32L4xx_HAL_Driver/Src/stm32l4xx_hal_pcd.o
 .debug_frame   0x00002978      0x14c ./Drivers/STM32L4xx_HAL_Driver/Src/stm32l4xx_hal_pcd_ex.o
 .debug_frame   0x00002ac4      0x4a4 ./Drivers/STM32L4xx_HAL_Driver/Src/stm32l4xx_hal_pwr_ex.o
 .debug_frame   0x00002f68      0x21c ./Drivers/STM32L4xx_HAL_Driver/Src/stm32l4xx_hal_rcc.o
 .debug_frame   0x00003184      0x3d0 ./Drivers/STM32L4xx_HAL_Driver/Src/stm32l4xx_hal_rcc_ex.o
 .debug_frame   0x00003554      0x860 ./Drivers/STM32L4xx_HAL_Driver/Src/stm32l4xx_hal_spi.o
 .debug_frame   0x00003db4      0x470 ./Drivers/STM32L4xx_HAL_Driver/Src/stm32l4xx_ll_usb.o
 .debug_frame   0x00004224       0x20 C:/ST/STM32CubeIDE_1.17.0/STM32CubeIDE/plugins/com.st.stm32cube.ide.mcu.externaltools.gnu-tools-for-stm32.12.3.rel1.win32_1.1.0.202410251130/tools/bin/../lib/gcc/arm-none-eabi/12.3.1/../../../../arm-none-eabi/lib/thumb/v7e-m+fp/hard\libc_nano.a(libc_a-memset.o)
 .debug_frame   0x00004244       0x2c C:/ST/STM32CubeIDE_1.17.0/STM32CubeIDE/plugins/com.st.stm32cube.ide.mcu.externaltools.gnu-tools-for-stm32.12.3.rel1.win32_1.1.0.202410251130/tools/bin/../lib/gcc/arm-none-eabi/12.3.1/../../../../arm-none-eabi/lib/thumb/v7e-m+fp/hard\libc_nano.a(libc_a-init.o)

.debug_line_str
                0x00000000       0x6f
 .debug_line_str
                0x00000000       0x6f ./Core/Startup/startup_stm32l432kbux.o
